--- FAIL: TestUserPostHandler_PublishPost_InvalidJSON (0.00s)
panic: runtime error: invalid memory address or nil pointer dereference [recovered, repanicked]
[signal SIGSEGV: segmentation violation code=0x2 addr=0x78 pc=0x10182be28]

goroutine 104 [running]:
testing.tRunner.func1.2({0x101b37d80, 0x10232ec10})
	/opt/homebrew/opt/go/libexec/src/testing/testing.go:1872 +0x190
testing.tRunner.func1()
	/opt/homebrew/opt/go/libexec/src/testing/testing.go:1875 +0x31c
panic({0x101b37d80?, 0x10232ec10?})
	/opt/homebrew/opt/go/libexec/src/runtime/panic.go:783 +0x120
github.com/basilex/promenade/internal/adapter/http/v1/handler.(*UserPostHandler).PublishPost(0x140003b1510, 0x140003d2600)
	/Users/basilex/Workspace/src/promenade/internal/adapter/http/v1/handler/user_post_handler.go:235 +0x288
github.com/gin-gonic/gin.(*Context).Next(0x140003d2600)
	/Users/basilex/Workspace/pkg/mod/github.com/gin-gonic/gin@v1.11.0/context.go:192 +0x68
github.com/basilex/promenade/internal/adapter/http/v1/handler.mockAuthPost(0x140003d2600)
	/Users/basilex/Workspace/src/promenade/internal/adapter/http/v1/handler/user_post_handler_test.go:19 +0x78
github.com/gin-gonic/gin.(*Context).Next(0x140003d2600)
	/Users/basilex/Workspace/pkg/mod/github.com/gin-gonic/gin@v1.11.0/context.go:192 +0x68
github.com/gin-gonic/gin.(*Engine).handleHTTPRequest(0x140003c9860, 0x140003d2600)
	/Users/basilex/Workspace/pkg/mod/github.com/gin-gonic/gin@v1.11.0/gin.go:689 +0x314
github.com/gin-gonic/gin.(*Engine).ServeHTTP(0x140003c9860, {0x101c4fb28, 0x1400039b7c0}, 0x140003c3b80)
	/Users/basilex/Workspace/pkg/mod/github.com/gin-gonic/gin@v1.11.0/gin.go:643 +0x154
github.com/basilex/promenade/internal/adapter/http/v1/handler.TestUserPostHandler_PublishPost_InvalidJSON(0x140003d0e00)
	/Users/basilex/Workspace/src/promenade/internal/adapter/http/v1/handler/user_post_handler_test.go:159 +0x2a8
testing.tRunner(0x140003d0e00, 0x101c3e210)
	/opt/homebrew/opt/go/libexec/src/testing/testing.go:1934 +0xc8
created by testing.(*T).Run in goroutine 1
	/opt/homebrew/opt/go/libexec/src/testing/testing.go:1997 +0x364
FAIL	github.com/basilex/promenade/internal/adapter/http/v1/handler	0.261s
FAIL
